Your argument was: True
Your argument was: False
Your argument was: Void
>> Void
