Your argument was: True
Your argument was: False
>> null
