Your argument was: True
Your argument was: True
>> null
