Your argument was: 5
Your argument was: DivByZero
>> null
