Your argument was: 55
Your argument was: 11
Your argument was: 330
Your argument was: 3
>> null
