Your argument was: True
Your argument was: Void
>> Void
