Your argument was: TrueNode
Your argument was: FalseNode
Your argument was: True
>> null
