ListOfNodes(Node(True, Node(False, Node(True, Nothing))))
>> null
