Your argument was: False
Your argument was: True
>> null
